// Jest Snapshot v1, https://goo.gl/fbAQLP

exports[`<AccountScreen /> renders correctly 1`] = `
<View
  style={
    Object {
      "flex": 1,
    }
  }
>
  <View
    accessibilityIgnoresInvertColors={true}
    style={
      Object {
        "alignItems": "center",
        "backgroundColor": "#000",
        "borderBottomColor": "#f2f2f2",
        "borderBottomWidth": 0.5,
        "flexDirection": "row",
        "height": 64,
        "justifyContent": "space-between",
        "paddingHorizontal": 10,
        "paddingTop": 20,
      }
    }
  >
    <Image
      style={
        Array [
          Object {
            "bottom": 0,
            "left": 0,
            "position": "absolute",
            "right": 0,
            "top": 0,
          },
          Object {
            "height": 64,
            "width": undefined,
          },
          undefined,
        ]
      }
      testID="headerContainer"
    />
    <View
      style={
        Object {
          "alignItems": "flex-start",
          "flex": 1,
        }
      }
    >
      <Text />
    </View>
    <View
      style={
        Object {
          "alignItems": "center",
          "flex": 3,
        }
      }
    >
      <Text
        numberOfLines={1}
        style={
          Object {
            "color": "white",
            "fontSize": 20,
          }
        }
        text="My Account"
        theme={
          Object {
            "colors": Object {
              "disabled": "hsl(208, 8%, 90%)",
              "divider": "#bcbbc1",
              "error": "#ff190c",
              "grey0": "#393e42",
              "grey1": "#43484d",
              "grey2": "#5e6977",
              "grey3": "#86939e",
              "grey4": "#bdc6cf",
              "grey5": "#e1e8ee",
              "greyOutline": "#bbb",
              "platform": Object {
                "android": Object {
                  "error": "#f44336",
                  "primary": "#2196f3",
                  "secondary": "#9C27B0",
                  "success": "#4caf50",
                  "warning": "#ffeb3b",
                },
                "ios": Object {
                  "error": "#ff3b30",
                  "primary": "#007aff",
                  "secondary": "#5856d6",
                  "success": "#4cd964",
                  "warning": "#ffcc00",
                },
              },
              "primary": "#2089dc",
              "searchBg": "#303337",
              "secondary": "#8F0CE8",
              "success": "#52c41a",
              "warning": "#faad14",
            },
          }
        }
      >
        My Account
      </Text>
    </View>
    <View
      style={
        Object {
          "alignItems": "flex-end",
          "flex": 1,
        }
      }
    />
  </View>
  <RCTScrollView
    style={
      Object {
        "height": "100%",
      }
    }
  >
    <View>
      <RNGestureHandlerButton
        collapsable={false}
        onGestureEvent={[Function]}
        onGestureHandlerEvent={[Function]}
        onGestureHandlerStateChange={[Function]}
        onHandlerStateChange={[Function]}
        rippleColor={0}
        style={
          Array [
            Object {
              "overflow": "hidden",
            },
            undefined,
          ]
        }
      >
        <View
          accessible={true}
          style={
            Object {
              "opacity": 1,
            }
          }
        >
          <View
            style={
              Object {
                "alignSelf": "center",
                "marginBottom": "1%",
                "marginTop": "20%",
                "transform": Array [
                  Object {
                    "translateY": 0,
                  },
                ],
              }
            }
          >
            <Text />
          </View>
        </View>
      </RNGestureHandlerButton>
      <Text
        style={
          Object {
            "alignSelf": "center",
            "fontSize": 30,
            "paddingBottom": "10%",
            "paddingTop": "2%",
          }
        }
      >
        
      </Text>
      <View
        accessible={true}
        isTVSelectable={true}
        onResponderGrant={[Function]}
        onResponderMove={[Function]}
        onResponderRelease={[Function]}
        onResponderTerminate={[Function]}
        onResponderTerminationRequest={[Function]}
        onStartShouldSetResponder={[Function]}
        style={
          Object {
            "opacity": 1,
          }
        }
      >
        <View
          style={
            Array [
              Object {
                "backgroundColor": "#111",
                "borderColor": "#111",
              },
              Object {
                "alignSelf": "center",
                "borderRadius": 10,
                "borderWidth": 1,
                "height": 100,
                "marginHorizontal": 5,
                "marginVertical": 3,
                "paddingHorizontal": 10,
                "width": "95%",
              },
            ]
          }
        >
          <Text
            style={
              Array [
                Object {
                  "fontSize": 20,
                  "paddingBottom": "5%",
                  "paddingTop": "2%",
                },
                Object {
                  "color": "white",
                },
              ]
            }
          >
            Change Display Name
          </Text>
          <Text
            style={
              Array [
                Object {
                  "color": "white",
                },
              ]
            }
          >
            Tap to change your display name
          </Text>
        </View>
      </View>
      <View
        accessible={true}
        isTVSelectable={true}
        onResponderGrant={[Function]}
        onResponderMove={[Function]}
        onResponderRelease={[Function]}
        onResponderTerminate={[Function]}
        onResponderTerminationRequest={[Function]}
        onStartShouldSetResponder={[Function]}
        style={
          Object {
            "opacity": 1,
          }
        }
      >
        <View
          style={
            Array [
              Object {
                "backgroundColor": "#111",
                "borderColor": "#111",
              },
              Object {
                "alignSelf": "center",
                "borderRadius": 10,
                "borderWidth": 1,
                "height": 100,
                "marginHorizontal": 5,
                "marginVertical": 3,
                "paddingHorizontal": 10,
                "width": "95%",
              },
            ]
          }
        >
          <Text
            style={
              Array [
                Object {
                  "fontSize": 20,
                  "paddingBottom": "5%",
                  "paddingTop": "2%",
                },
                Object {
                  "color": "white",
                },
              ]
            }
          >
            Change Password
          </Text>
          <Text
            style={
              Array [
                Object {
                  "color": "white",
                },
              ]
            }
          >
            Tap to change your password
          </Text>
        </View>
      </View>
      <View
        accessible={true}
        isTVSelectable={true}
        onResponderGrant={[Function]}
        onResponderMove={[Function]}
        onResponderRelease={[Function]}
        onResponderTerminate={[Function]}
        onResponderTerminationRequest={[Function]}
        onStartShouldSetResponder={[Function]}
        style={
          Object {
            "opacity": 1,
          }
        }
      >
        <View
          style={
            Array [
              Object {
                "backgroundColor": "#111",
                "borderColor": "#111",
              },
              Object {
                "alignSelf": "center",
                "borderRadius": 10,
                "borderWidth": 1,
                "height": 100,
                "marginHorizontal": 5,
                "marginVertical": 3,
                "paddingHorizontal": 10,
                "width": "95%",
              },
            ]
          }
        >
          <Text
            style={
              Array [
                Object {
                  "fontSize": 20,
                  "paddingBottom": "5%",
                  "paddingTop": "2%",
                },
                Object {
                  "color": "white",
                },
              ]
            }
          >
            Sign Out
          </Text>
          <Text
            style={
              Array [
                Object {
                  "color": "white",
                },
              ]
            }
          >
            Tap to log out of RuMate
          </Text>
        </View>
      </View>
      <View
        accessible={true}
        isTVSelectable={true}
        onResponderGrant={[Function]}
        onResponderMove={[Function]}
        onResponderRelease={[Function]}
        onResponderTerminate={[Function]}
        onResponderTerminationRequest={[Function]}
        onStartShouldSetResponder={[Function]}
        style={
          Object {
            "opacity": 1,
          }
        }
      >
        <View
          style={
            Array [
              Object {
                "backgroundColor": "#111",
                "borderColor": "#111",
              },
              Object {
                "alignSelf": "center",
                "borderRadius": 10,
                "borderWidth": 1,
                "height": 100,
                "marginHorizontal": 5,
                "marginVertical": 3,
                "paddingHorizontal": 10,
                "width": "95%",
              },
            ]
          }
        >
          <Text
            style={
              Array [
                Object {
                  "fontSize": 20,
                  "paddingBottom": "5%",
                  "paddingTop": "2%",
                },
                Object {
                  "color": "red",
                },
              ]
            }
          >
            Delete Account
          </Text>
          <Text
            style={
              Array [
                Object {
                  "color": "red",
                },
              ]
            }
          >
            This permanently deletes your account!
          </Text>
        </View>
      </View>
    </View>
  </RCTScrollView>
</View>
`;

exports[`<InvitationList /> renders correctly 1`] = `
<View
  style={
    Object {
      "flex": 1,
    }
  }
>
  <View
    accessibilityIgnoresInvertColors={true}
    style={
      Object {
        "alignItems": "center",
        "backgroundColor": "#000",
        "borderBottomColor": "#f2f2f2",
        "borderBottomWidth": 0.5,
        "flexDirection": "row",
        "height": 64,
        "justifyContent": "space-between",
        "paddingHorizontal": 10,
        "paddingTop": 20,
      }
    }
  >
    <Image
      style={
        Array [
          Object {
            "bottom": 0,
            "left": 0,
            "position": "absolute",
            "right": 0,
            "top": 0,
          },
          Object {
            "height": 64,
            "width": undefined,
          },
          undefined,
        ]
      }
      testID="headerContainer"
    />
    <View
      style={
        Object {
          "alignItems": "flex-start",
          "flex": 1,
        }
      }
    >
      <Text />
    </View>
    <View
      style={
        Object {
          "alignItems": "center",
          "flex": 3,
        }
      }
    >
      <Text
        numberOfLines={1}
        style={
          Object {
            "color": "white",
            "fontSize": 20,
          }
        }
        text="My Account"
        theme={
          Object {
            "colors": Object {
              "disabled": "hsl(208, 8%, 90%)",
              "divider": "#bcbbc1",
              "error": "#ff190c",
              "grey0": "#393e42",
              "grey1": "#43484d",
              "grey2": "#5e6977",
              "grey3": "#86939e",
              "grey4": "#bdc6cf",
              "grey5": "#e1e8ee",
              "greyOutline": "#bbb",
              "platform": Object {
                "android": Object {
                  "error": "#f44336",
                  "primary": "#2196f3",
                  "secondary": "#9C27B0",
                  "success": "#4caf50",
                  "warning": "#ffeb3b",
                },
                "ios": Object {
                  "error": "#ff3b30",
                  "primary": "#007aff",
                  "secondary": "#5856d6",
                  "success": "#4cd964",
                  "warning": "#ffcc00",
                },
              },
              "primary": "#2089dc",
              "searchBg": "#303337",
              "secondary": "#8F0CE8",
              "success": "#52c41a",
              "warning": "#faad14",
            },
          }
        }
      >
        My Account
      </Text>
    </View>
    <View
      style={
        Object {
          "alignItems": "flex-end",
          "flex": 1,
        }
      }
    />
  </View>
  <RCTScrollView
    style={
      Object {
        "height": "100%",
      }
    }
  >
    <View>
      <RNGestureHandlerButton
        collapsable={false}
        onGestureEvent={[Function]}
        onGestureHandlerEvent={[Function]}
        onGestureHandlerStateChange={[Function]}
        onHandlerStateChange={[Function]}
        rippleColor={0}
        style={
          Array [
            Object {
              "overflow": "hidden",
            },
            undefined,
          ]
        }
      >
        <View
          accessible={true}
          style={
            Object {
              "opacity": 1,
            }
          }
        >
          <View
            style={
              Object {
                "alignSelf": "center",
                "marginBottom": "1%",
                "marginTop": "20%",
                "transform": Array [
                  Object {
                    "translateY": 0,
                  },
                ],
              }
            }
          >
            <Text />
          </View>
        </View>
      </RNGestureHandlerButton>
      <Text
        style={
          Object {
            "alignSelf": "center",
            "fontSize": 30,
            "paddingBottom": "10%",
            "paddingTop": "2%",
          }
        }
      >
        
      </Text>
      <View
        accessible={true}
        isTVSelectable={true}
        onResponderGrant={[Function]}
        onResponderMove={[Function]}
        onResponderRelease={[Function]}
        onResponderTerminate={[Function]}
        onResponderTerminationRequest={[Function]}
        onStartShouldSetResponder={[Function]}
        style={
          Object {
            "opacity": 1,
          }
        }
      >
        <View
          style={
            Array [
              Object {
                "backgroundColor": "#111",
                "borderColor": "#111",
              },
              Object {
                "alignSelf": "center",
                "borderRadius": 10,
                "borderWidth": 1,
                "height": 100,
                "marginHorizontal": 5,
                "marginVertical": 3,
                "paddingHorizontal": 10,
                "width": "95%",
              },
            ]
          }
        >
          <Text
            style={
              Array [
                Object {
                  "fontSize": 20,
                  "paddingBottom": "5%",
                  "paddingTop": "2%",
                },
                Object {
                  "color": "white",
                },
              ]
            }
          >
            Change Display Name
          </Text>
          <Text
            style={
              Array [
                Object {
                  "color": "white",
                },
              ]
            }
          >
            Tap to change your display name
          </Text>
        </View>
      </View>
      <View
        accessible={true}
        isTVSelectable={true}
        onResponderGrant={[Function]}
        onResponderMove={[Function]}
        onResponderRelease={[Function]}
        onResponderTerminate={[Function]}
        onResponderTerminationRequest={[Function]}
        onStartShouldSetResponder={[Function]}
        style={
          Object {
            "opacity": 1,
          }
        }
      >
        <View
          style={
            Array [
              Object {
                "backgroundColor": "#111",
                "borderColor": "#111",
              },
              Object {
                "alignSelf": "center",
                "borderRadius": 10,
                "borderWidth": 1,
                "height": 100,
                "marginHorizontal": 5,
                "marginVertical": 3,
                "paddingHorizontal": 10,
                "width": "95%",
              },
            ]
          }
        >
          <Text
            style={
              Array [
                Object {
                  "fontSize": 20,
                  "paddingBottom": "5%",
                  "paddingTop": "2%",
                },
                Object {
                  "color": "white",
                },
              ]
            }
          >
            Change Password
          </Text>
          <Text
            style={
              Array [
                Object {
                  "color": "white",
                },
              ]
            }
          >
            Tap to change your password
          </Text>
        </View>
      </View>
      <View
        accessible={true}
        isTVSelectable={true}
        onResponderGrant={[Function]}
        onResponderMove={[Function]}
        onResponderRelease={[Function]}
        onResponderTerminate={[Function]}
        onResponderTerminationRequest={[Function]}
        onStartShouldSetResponder={[Function]}
        style={
          Object {
            "opacity": 1,
          }
        }
      >
        <View
          style={
            Array [
              Object {
                "backgroundColor": "#111",
                "borderColor": "#111",
              },
              Object {
                "alignSelf": "center",
                "borderRadius": 10,
                "borderWidth": 1,
                "height": 100,
                "marginHorizontal": 5,
                "marginVertical": 3,
                "paddingHorizontal": 10,
                "width": "95%",
              },
            ]
          }
        >
          <Text
            style={
              Array [
                Object {
                  "fontSize": 20,
                  "paddingBottom": "5%",
                  "paddingTop": "2%",
                },
                Object {
                  "color": "white",
                },
              ]
            }
          >
            Sign Out
          </Text>
          <Text
            style={
              Array [
                Object {
                  "color": "white",
                },
              ]
            }
          >
            Tap to log out of RuMate
          </Text>
        </View>
      </View>
      <View
        accessible={true}
        isTVSelectable={true}
        onResponderGrant={[Function]}
        onResponderMove={[Function]}
        onResponderRelease={[Function]}
        onResponderTerminate={[Function]}
        onResponderTerminationRequest={[Function]}
        onStartShouldSetResponder={[Function]}
        style={
          Object {
            "opacity": 1,
          }
        }
      >
        <View
          style={
            Array [
              Object {
                "backgroundColor": "#111",
                "borderColor": "#111",
              },
              Object {
                "alignSelf": "center",
                "borderRadius": 10,
                "borderWidth": 1,
                "height": 100,
                "marginHorizontal": 5,
                "marginVertical": 3,
                "paddingHorizontal": 10,
                "width": "95%",
              },
            ]
          }
        >
          <Text
            style={
              Array [
                Object {
                  "fontSize": 20,
                  "paddingBottom": "5%",
                  "paddingTop": "2%",
                },
                Object {
                  "color": "red",
                },
              ]
            }
          >
            Delete Account
          </Text>
          <Text
            style={
              Array [
                Object {
                  "color": "red",
                },
              ]
            }
          >
            This permanently deletes your account!
          </Text>
        </View>
      </View>
    </View>
  </RCTScrollView>
</View>
`;
