// Jest Snapshot v1, https://goo.gl/fbAQLP

exports[`<App /> renders correctly 1`] = `
<View
  onLayout={[Function]}
  style={
    Object {
      "flex": 1,
    }
  }
>
  <View
    collapsable={false}
    onGestureHandlerEvent={[Function]}
    onGestureHandlerStateChange={[Function]}
    style={
      Object {
        "backgroundColor": "#eee",
        "flex": 1,
        "flexDirection": "column-reverse",
        "overflow": "hidden",
      }
    }
  >
    <RNSScreenContainer
      style={
        Object {
          "flex": 1,
        }
      }
    >
      <RNSScreen
        active={1}
        onComponentRef={[Function]}
        pointerEvents="auto"
        style={
          Object {
            "bottom": 0,
            "left": 0,
            "opacity": 1,
            "position": "absolute",
            "right": 0,
            "top": 0,
            "transform": Array [
              Object {
                "translateX": 0,
              },
              Object {
                "translateY": 0,
              },
            ],
          }
        }
      >
        <View
          accessibilityElementsHidden={false}
          style={
            Object {
              "backgroundColor": "#fff",
              "flex": 1,
            }
          }
        >
          <View
            style={
              Object {
                "backgroundColor": "rgb(25,25,25)",
                "flex": 1,
              }
            }
          >
            <View
              style={
                Object {
                  "opacity": 0,
                  "transform": Array [
                    Object {
                      "translateY": -100,
                    },
                  ],
                }
              }
            >
              <View>
                <Text
                  style={
                    Array [
                      Object {
                        "alignSelf": "center",
                      },
                      Object {
                        "color": "white",
                        "fontSize": 50,
                        "paddingBottom": "20%",
                        "paddingLeft": undefined,
                        "paddingRight": undefined,
                        "paddingTop": "40%",
                      },
                    ]
                  }
                >
                  RuMate
                </Text>
              </View>
              <TextInput
                allowFontScaling={true}
                autoFocus={false}
                onChangeText={[Function]}
                placeholder="e-mail"
                placeholderTextColor="#444"
                rejectResponderTermination={true}
                style={
                  Object {
                    "alignSelf": "center",
                    "backgroundColor": "black",
                    "borderColor": "#222",
                    "borderRadius": 15,
                    "borderWidth": 1,
                    "color": "white",
                    "fontSize": 18,
                    "marginHorizontal": 5,
                    "marginVertical": 5,
                    "paddingHorizontal": 15,
                    "paddingVertical": 20,
                    "width": 300,
                  }
                }
                underlineColorAndroid="transparent"
                value=""
              />
              <TextInput
                allowFontScaling={true}
                onChangeText={[Function]}
                placeholder="password"
                placeholderTextColor="#444"
                rejectResponderTermination={true}
                secureTextEntry={true}
                style={
                  Object {
                    "alignSelf": "center",
                    "backgroundColor": "black",
                    "borderColor": "#222",
                    "borderRadius": 15,
                    "borderWidth": 1,
                    "color": "white",
                    "fontSize": 18,
                    "marginHorizontal": 5,
                    "marginVertical": 5,
                    "paddingHorizontal": 15,
                    "paddingVertical": 20,
                    "width": 300,
                  }
                }
                underlineColorAndroid="transparent"
                value=""
              />
            </View>
            <View
              style={
                Object {
                  "opacity": 0,
                  "paddingTop": 20,
                  "transform": Array [
                    Object {
                      "translateY": 100,
                    },
                  ],
                }
              }
            >
              <View
                accessible={true}
                isTVSelectable={true}
                onResponderGrant={[Function]}
                onResponderMove={[Function]}
                onResponderRelease={[Function]}
                onResponderTerminate={[Function]}
                onResponderTerminationRequest={[Function]}
                onStartShouldSetResponder={[Function]}
                style={
                  Object {
                    "alignItems": "center",
                    "alignSelf": "center",
                    "backgroundColor": "green",
                    "borderColor": "#222",
                    "borderRadius": 15,
                    "height": 50,
                    "marginHorizontal": 5,
                    "marginVertical": 5,
                    "opacity": 1,
                    "width": 300,
                  }
                }
              >
                <Text
                  style={
                    Array [
                      Object {
                        "color": "black",
                      },
                      Object {
                        "fontSize": 25,
                        "paddingTop": 10,
                      },
                    ]
                  }
                >
                  Login
                </Text>
              </View>
              <View
                accessible={true}
                isTVSelectable={true}
                onResponderGrant={[Function]}
                onResponderMove={[Function]}
                onResponderRelease={[Function]}
                onResponderTerminate={[Function]}
                onResponderTerminationRequest={[Function]}
                onStartShouldSetResponder={[Function]}
                style={
                  Object {
                    "alignItems": "center",
                    "alignSelf": "center",
                    "backgroundColor": "black",
                    "borderColor": "#222",
                    "borderRadius": 15,
                    "height": 50,
                    "marginHorizontal": 5,
                    "marginVertical": 5,
                    "opacity": 1,
                    "width": 300,
                  }
                }
              >
                <Text
                  style={
                    Array [
                      Object {
                        "color": "white",
                      },
                      Object {
                        "fontSize": 25,
                        "paddingTop": 10,
                      },
                    ]
                  }
                >
                  Register
                </Text>
              </View>
            </View>
          </View>
        </View>
      </RNSScreen>
    </RNSScreenContainer>
    <View
      onLayout={[Function]}
      pointerEvents="box-none"
      style={
        Object {
          "left": 0,
          "position": "absolute",
          "right": 0,
          "top": 0,
        }
      }
    >
      <View
        style={
          Object {
            "backgroundColor": "#fff",
            "transform": Array [
              Object {
                "translateX": -750,
              },
            ],
          }
        }
      >
        <View
          onLayout={[Function]}
          pointerEvents="box-none"
          style={
            Object {
              "backgroundColor": "#fff",
              "borderBottomColor": "#a7a7aa",
              "borderBottomWidth": 0.5,
              "height": 64,
              "paddingBottom": 0,
              "paddingLeft": 0,
              "paddingRight": 0,
              "paddingTop": 20,
            }
          }
        >
          <View
            style={
              Object {
                "flex": 1,
              }
            }
          />
        </View>
      </View>
    </View>
  </View>
</View>
`;
