// Jest Snapshot v1, https://goo.gl/fbAQLP

exports[`<App /> renders correctly 1`] = `
<View
  accessible={true}
  isTVSelectable={true}
  onResponderGrant={[Function]}
  onResponderMove={[Function]}
  onResponderRelease={[Function]}
  onResponderTerminate={[Function]}
  onResponderTerminationRequest={[Function]}
  onStartShouldSetResponder={[Function]}
  style={
    Object {
      "opacity": 1,
    }
  }
>
  <View
    style={
      Object {
        "borderBottomWidth": 1,
        "borderColor": "#111",
        "paddingBottom": 10,
        "paddingHorizontal": 25,
        "paddingVertical": 20,
      }
    }
  >
    <Text
      style={
        Object {
          "fontSize": 18,
          "paddingVertical": 5,
        }
      }
    />
    <Text
      style={
        Object {
          "fontSize": 10,
          "paddingLeft": 15,
        }
      }
    />
  </View>
</View>
`;
