// Jest Snapshot v1, https://goo.gl/fbAQLP

exports[`<CreateConversationScreen /> renders correctly 1`] = `
Array [
  <View
    accessibilityIgnoresInvertColors={true}
    style={
      Object {
        "alignItems": "center",
        "backgroundColor": "#000",
        "borderBottomColor": "#f2f2f2",
        "borderBottomWidth": 0.5,
        "flexDirection": "row",
        "height": 64,
        "justifyContent": "space-between",
        "paddingHorizontal": 10,
        "paddingTop": 20,
      }
    }
  >
    <Image
      style={
        Array [
          Object {
            "bottom": 0,
            "left": 0,
            "position": "absolute",
            "right": 0,
            "top": 0,
          },
          Object {
            "height": 64,
            "width": undefined,
          },
          undefined,
        ]
      }
      testID="headerContainer"
    />
    <View
      style={
        Object {
          "alignItems": "flex-start",
          "flex": 1,
        }
      }
    >
      <View
        style={
          Object {
            "alignItems": "flex-start",
          }
        }
      >
        <View
          accessible={true}
          isTVSelectable={true}
          onResponderGrant={[Function]}
          onResponderMove={[Function]}
          onResponderRelease={[Function]}
          onResponderTerminate={[Function]}
          onResponderTerminationRequest={[Function]}
          onStartShouldSetResponder={[Function]}
          style={
            Object {
              "alignItems": "center",
              "backgroundColor": "transparent",
              "justifyContent": "center",
            }
          }
        >
          <Text />
        </View>
      </View>
    </View>
    <View
      style={
        Object {
          "alignItems": "center",
          "flex": 3,
        }
      }
    >
      <Text
        numberOfLines={1}
        style={
          Object {
            "color": "black",
            "fontSize": 20,
          }
        }
        text="New Message"
        theme={
          Object {
            "colors": Object {
              "disabled": "hsl(208, 8%, 90%)",
              "divider": "#bcbbc1",
              "error": "#ff190c",
              "grey0": "#393e42",
              "grey1": "#43484d",
              "grey2": "#5e6977",
              "grey3": "#86939e",
              "grey4": "#bdc6cf",
              "grey5": "#e1e8ee",
              "greyOutline": "#bbb",
              "platform": Object {
                "android": Object {
                  "error": "#f44336",
                  "primary": "#2196f3",
                  "secondary": "#9C27B0",
                  "success": "#4caf50",
                  "warning": "#ffeb3b",
                },
                "ios": Object {
                  "error": "#ff3b30",
                  "primary": "#007aff",
                  "secondary": "#5856d6",
                  "success": "#4cd964",
                  "warning": "#ffcc00",
                },
              },
              "primary": "#2089dc",
              "searchBg": "#303337",
              "secondary": "#8F0CE8",
              "success": "#52c41a",
              "warning": "#faad14",
            },
          }
        }
      >
        New Message
      </Text>
    </View>
    <View
      style={
        Object {
          "alignItems": "flex-end",
          "flex": 1,
        }
      }
    />
  </View>,
  <View
    style={
      Object {
        "paddingBottom": 30,
        "paddingHorizontal": 10,
        "paddingTop": 10,
      }
    }
  >
    <TextInput
      allowFontScaling={true}
      autoFocus={true}
      onChangeText={[Function]}
      placeholder="name search"
      rejectResponderTermination={true}
      style={
        Object {
          "borderColor": "#ccc",
          "borderRadius": 4,
          "borderWidth": 1,
          "fontSize": 20,
          "paddingHorizontal": 10,
          "paddingVertical": 15,
        }
      }
      underlineColorAndroid="transparent"
      value=""
    />
  </View>,
  <View
    style={
      Object {
        "flex": 1,
      }
    }
  >
    <Text
      style={
        Object {
          "alignSelf": "center",
          "fontSize": 30,
          "paddingTop": "30%",
        }
      }
    >
      Enter a name
    </Text>
  </View>,
]
`;
