// Jest Snapshot v1, https://goo.gl/fbAQLP

exports[`<InvitationList /> renders correctly 1`] = `<View />`;
