// Jest Snapshot v1, https://goo.gl/fbAQLP

exports[`<Login /> renders correctly 1`] = `
<View
  style={
    Object {
      "backgroundColor": "rgb(25,25,25)",
      "flex": 1,
    }
  }
>
  <View
    style={
      Object {
        "opacity": 0,
        "transform": Array [
          Object {
            "translateY": -100,
          },
        ],
      }
    }
  >
    <View>
      <Text
        style={
          Array [
            Object {
              "alignSelf": "center",
            },
            Object {
              "color": "white",
              "fontSize": 50,
              "paddingBottom": "20%",
              "paddingLeft": undefined,
              "paddingRight": undefined,
              "paddingTop": "40%",
            },
          ]
        }
      >
        RuMate
      </Text>
    </View>
    <TextInput
      allowFontScaling={true}
      autoFocus={false}
      placeholder="e-mail"
      placeholderTextColor="#444"
      rejectResponderTermination={true}
      style={
        Object {
          "alignSelf": "center",
          "backgroundColor": "black",
          "borderColor": "#222",
          "borderRadius": 15,
          "borderWidth": 1,
          "color": "white",
          "fontSize": 18,
          "marginHorizontal": 5,
          "marginVertical": 5,
          "paddingHorizontal": 15,
          "paddingVertical": 20,
          "width": 300,
        }
      }
      underlineColorAndroid="transparent"
    />
    <TextInput
      allowFontScaling={true}
      placeholder="password"
      placeholderTextColor="#444"
      rejectResponderTermination={true}
      secureTextEntry={true}
      style={
        Object {
          "alignSelf": "center",
          "backgroundColor": "black",
          "borderColor": "#222",
          "borderRadius": 15,
          "borderWidth": 1,
          "color": "white",
          "fontSize": 18,
          "marginHorizontal": 5,
          "marginVertical": 5,
          "paddingHorizontal": 15,
          "paddingVertical": 20,
          "width": 300,
        }
      }
      underlineColorAndroid="transparent"
    />
  </View>
  <View
    style={
      Object {
        "opacity": 0,
        "paddingTop": 20,
        "transform": Array [
          Object {
            "translateY": 100,
          },
        ],
      }
    }
  >
    <View
      accessible={true}
      isTVSelectable={true}
      onResponderGrant={[Function]}
      onResponderMove={[Function]}
      onResponderRelease={[Function]}
      onResponderTerminate={[Function]}
      onResponderTerminationRequest={[Function]}
      onStartShouldSetResponder={[Function]}
      style={
        Object {
          "alignItems": "center",
          "alignSelf": "center",
          "backgroundColor": "green",
          "borderColor": "#222",
          "borderRadius": 15,
          "height": 50,
          "marginHorizontal": 5,
          "marginVertical": 5,
          "opacity": 1,
          "width": 300,
        }
      }
    >
      <Text
        style={
          Array [
            Object {
              "color": "black",
            },
            Object {
              "fontSize": 25,
              "paddingTop": 10,
            },
          ]
        }
      >
        Login
      </Text>
    </View>
    <View
      accessible={true}
      isTVSelectable={true}
      onResponderGrant={[Function]}
      onResponderMove={[Function]}
      onResponderRelease={[Function]}
      onResponderTerminate={[Function]}
      onResponderTerminationRequest={[Function]}
      onStartShouldSetResponder={[Function]}
      style={
        Object {
          "alignItems": "center",
          "alignSelf": "center",
          "backgroundColor": "black",
          "borderColor": "#222",
          "borderRadius": 15,
          "height": 50,
          "marginHorizontal": 5,
          "marginVertical": 5,
          "opacity": 1,
          "width": 300,
        }
      }
    >
      <Text
        style={
          Array [
            Object {
              "color": "white",
            },
            Object {
              "fontSize": 25,
              "paddingTop": 10,
            },
          ]
        }
      >
        Register
      </Text>
    </View>
  </View>
</View>
`;
