// Jest Snapshot v1, https://goo.gl/fbAQLP

exports[`<InvitationList /> renders correctly 1`] = `
<View>
  <Modal
    animationType="none"
    hardwareAccelerated={false}
    hideModalContentWhileAnimating={false}
    onModalHide={[Function]}
    onModalWillHide={[Function]}
    onModalWillShow={[Function]}
    onRequestClose={[Function]}
    scrollOffset={0}
    scrollOffsetMax={0}
    scrollTo={null}
    supportedOrientations={
      Array [
        "portrait",
        "landscape",
      ]
    }
    swipeThreshold={100}
    transparent={true}
    visible={false}
  >
    <View
      accessible={true}
      onResponderGrant={[Function]}
      onResponderMove={[Function]}
      onResponderRelease={[Function]}
      onResponderTerminate={[Function]}
      onResponderTerminationRequest={[Function]}
      onStartShouldSetResponder={[Function]}
      style={
        Object {
          "backgroundColor": "black",
          "bottom": 0,
          "height": 1334,
          "left": 0,
          "opacity": 0,
          "position": "absolute",
          "right": 0,
          "top": 0,
          "width": 750,
        }
      }
    />
    <View
      hideModalContentWhileAnimating={false}
      onModalHide={[Function]}
      onModalWillHide={[Function]}
      onModalWillShow={[Function]}
      pointerEvents="box-none"
      scrollOffset={0}
      scrollOffsetMax={0}
      scrollTo={null}
      style={
        Object {
          "flex": 1,
          "justifyContent": "center",
          "margin": 37.5,
          "marginBottom": 0,
          "marginLeft": 0,
          "marginRight": 0,
          "marginTop": 0,
          "transform": Array [
            Object {
              "translateY": 0,
            },
          ],
        }
      }
      supportedOrientations={
        Array [
          "portrait",
          "landscape",
        ]
      }
      swipeThreshold={100}
    >
      <View
        onLayout={[Function]}
        style={
          Array [
            Object {
              "alignItems": "center",
              "justifyContent": "center",
            },
            Object {
              "paddingBottom": 0,
            },
          ]
        }
      >
        <View
          style={
            Array [
              Object {
                "borderRadius": 13,
                "flexDirection": "column",
                "overflow": "hidden",
                "width": 270,
              },
              Object {},
            ]
          }
        >
          <View
            style={
              Array [
                Object {
                  "backgroundColor": "rgb(255,255,255)",
                  "bottom": 0,
                  "left": 0,
                  "position": "absolute",
                  "right": 0,
                  "top": 0,
                },
                Object {},
              ]
            }
          />
          <View
            style={
              Array [
                Object {
                  "margin": 18,
                },
                Object {},
              ]
            }
          >
            <Text
              style={
                Array [
                  Object {
                    "color": "black",
                    "fontSize": 18,
                    "fontWeight": "600",
                    "textAlign": "center",
                  },
                  undefined,
                ]
              }
            >
              Accept Invitation
            </Text>
            <Text
              style={
                Array [
                  Object {
                    "color": "black",
                    "fontSize": 13,
                    "marginTop": 4,
                    "textAlign": "center",
                  },
                  undefined,
                ]
              }
            >
              Do you want to accept this invitation.
            </Text>
            <Text
              style={
                Array [
                  Object {
                    "color": "black",
                    "fontSize": 13,
                    "marginTop": 4,
                    "textAlign": "center",
                  },
                  undefined,
                ]
              }
            >
              Warning: You can only be a member of one group.
            </Text>
          </View>
          <View
            style={
              Array [
                Object {
                  "borderTopColor": "#A9ADAE",
                  "borderTopWidth": 0.5,
                  "flexDirection": "row",
                  "height": 46,
                  "justifyContent": "space-between",
                },
                Object {},
              ]
            }
          >
            <View
              accessible={true}
              isTVSelectable={true}
              onResponderGrant={[Function]}
              onResponderMove={[Function]}
              onResponderRelease={[Function]}
              onResponderTerminate={[Function]}
              onResponderTerminationRequest={[Function]}
              onStartShouldSetResponder={[Function]}
              style={
                Object {
                  "alignItems": "center",
                  "flex": 1,
                  "justifyContent": "center",
                  "opacity": 1,
                }
              }
            >
              <Text
                style={
                  Array [
                    Object {
                      "backgroundColor": "transparent",
                      "fontSize": 17,
                      "textAlign": "center",
                    },
                    Object {
                      "color": "#007ff9",
                      "fontWeight": "normal",
                    },
                    undefined,
                  ]
                }
              >
                Decline
              </Text>
            </View>
            <View
              style={
                Array [
                  Object {
                    "backgroundColor": "#A9ADAE",
                    "height": "100%",
                    "width": 0.5,
                  },
                  Object {},
                ]
              }
            />
            <View
              accessible={true}
              isTVSelectable={true}
              onResponderGrant={[Function]}
              onResponderMove={[Function]}
              onResponderRelease={[Function]}
              onResponderTerminate={[Function]}
              onResponderTerminationRequest={[Function]}
              onStartShouldSetResponder={[Function]}
              style={
                Object {
                  "alignItems": "center",
                  "flex": 1,
                  "justifyContent": "center",
                  "opacity": 1,
                }
              }
            >
              <Text
                style={
                  Array [
                    Object {
                      "backgroundColor": "transparent",
                      "fontSize": 17,
                      "textAlign": "center",
                    },
                    Object {
                      "color": "#007ff9",
                      "fontWeight": "normal",
                    },
                    undefined,
                  ]
                }
              >
                Accept
              </Text>
            </View>
          </View>
        </View>
      </View>
    </View>
  </Modal>
</View>
`;
