// Jest Snapshot v1, https://goo.gl/fbAQLP

exports[`<Message /> renders correctly 1`] = `
<View
  style={
    Object {
      "backgroundColor": "green",
      "borderColor": "green",
      "borderRadius": 15,
      "borderWidth": 1,
      "marginLeft": 20,
      "marginRight": "40%",
      "marginVertical": 10,
      "paddingVertical": 10,
    }
  }
>
  <Text
    style={
      Array [
        Object {
          "color": "white",
          "fontSize": 15,
          "paddingHorizontal": 10,
        },
        Object {
          "color": "white",
          "fontSize": 10,
        },
      ]
    }
  />
  <Text
    style={
      Object {
        "color": "white",
        "fontSize": 15,
        "paddingHorizontal": 10,
      }
    }
  />
</View>
`;
